// Validating benchmarks:
// ***** BenchmarkRunner: Start   *****
// ***** Found 1 benchmark(s) in total *****
// ***** Building 1 exe(s) in Parallel: Start   *****
// start dotnet  restore /p:UseSharedCompilation=false /p:BuildInParallel=false /m:1 /p:Deterministic=true /p:Optimize=true /p:ArtifactsPath="D:\Study\Design Pattern\Algomaster.io\LLD\BenchmarkSuite1\bin\Release\net10.0\BenchmarkSuite1-DefaultJob-1/" /p:OutDir="D:\Study\Design Pattern\Algomaster.io\LLD\BenchmarkSuite1\bin\Release\net10.0\BenchmarkSuite1-DefaultJob-1\bin\Release\net10.0/" /p:OutputPath="D:\Study\Design Pattern\Algomaster.io\LLD\BenchmarkSuite1\bin\Release\net10.0\BenchmarkSuite1-DefaultJob-1\bin\Release\net10.0/" /p:PublishDir="D:\Study\Design Pattern\Algomaster.io\LLD\BenchmarkSuite1\bin\Release\net10.0\BenchmarkSuite1-DefaultJob-1\publish/" in D:\Study\Design Pattern\Algomaster.io\LLD\BenchmarkSuite1\bin\Release\net10.0\BenchmarkSuite1-DefaultJob-1
// command took 2.84 sec and exited with 0
// start dotnet  build -c Release --no-restore /p:UseSharedCompilation=false /p:BuildInParallel=false /m:1 /p:Deterministic=true /p:Optimize=true /p:ArtifactsPath="D:\Study\Design Pattern\Algomaster.io\LLD\BenchmarkSuite1\bin\Release\net10.0\BenchmarkSuite1-DefaultJob-1/" /p:OutDir="D:\Study\Design Pattern\Algomaster.io\LLD\BenchmarkSuite1\bin\Release\net10.0\BenchmarkSuite1-DefaultJob-1\bin\Release\net10.0/" /p:OutputPath="D:\Study\Design Pattern\Algomaster.io\LLD\BenchmarkSuite1\bin\Release\net10.0\BenchmarkSuite1-DefaultJob-1\bin\Release\net10.0/" /p:PublishDir="D:\Study\Design Pattern\Algomaster.io\LLD\BenchmarkSuite1\bin\Release\net10.0\BenchmarkSuite1-DefaultJob-1\publish/" --output "D:\Study\Design Pattern\Algomaster.io\LLD\BenchmarkSuite1\bin\Release\net10.0\BenchmarkSuite1-DefaultJob-1\bin\Release\net10.0/" in D:\Study\Design Pattern\Algomaster.io\LLD\BenchmarkSuite1\bin\Release\net10.0\BenchmarkSuite1-DefaultJob-1
// command took 6.44 sec and exited with 0
// ***** Done, took 00:00:09 (9.37 sec)   *****
// Found 1 benchmarks:
//   OneToOneChatBenchmarks.GetName_Current: DefaultJob

Setup power plan (GUID: 8c5e7fda-e8bf-4a96-9a85-a6e23a8c635c FriendlyName: High performance)
// **************************
// Benchmark: OneToOneChatBenchmarks.GetName_Current: DefaultJob
// *** Execute ***
// Launch: 1 / 1
// Execute: dotnet BenchmarkSuite1-DefaultJob-1.dll --anonymousPipes 1472 1700 --benchmarkName ChatApplication.Benchmarks.OneToOneChatBenchmarks.GetName_Current --job Default --benchmarkId 0 in D:\Study\Design Pattern\Algomaster.io\LLD\BenchmarkSuite1\bin\Release\net10.0\BenchmarkSuite1-DefaultJob-1\bin\Release\net10.0
// BeforeAnythingElse

// Benchmark Process Environment Information:
// BenchmarkDotNet v0.15.2
// Runtime=.NET 10.0.2 (10.0.225.61305), X64 RyuJIT AVX2
// GC=Concurrent Workstation
// HardwareIntrinsics=AVX2,AES,BMI1,BMI2,FMA,LZCNT,PCLMUL,POPCNT,AvxVnni,SERIALIZE VectorSize=256
// Job: DefaultJob

OverheadJitting  1: 1 op, 117600.00 ns, 117.6000 us/op
WorkloadJitting  1: 1 op, 3350400.00 ns, 3.3504 ms/op

OverheadJitting  2: 16 op, 289300.00 ns, 18.0813 us/op
WorkloadJitting  2: 16 op, 14074800.00 ns, 879.6750 us/op

WorkloadPilot    1: 16 op, 11579600.00 ns, 723.7250 us/op
WorkloadPilot    2: 32 op, 17918800.00 ns, 559.9625 us/op
WorkloadPilot    3: 64 op, 33501400.00 ns, 523.4594 us/op
WorkloadPilot    4: 128 op, 67299400.00 ns, 525.7766 us/op
WorkloadPilot    5: 256 op, 69675100.00 ns, 272.1684 us/op
WorkloadPilot    6: 512 op, 113590800.00 ns, 221.8570 us/op
WorkloadPilot    7: 1024 op, 234414100.00 ns, 228.9200 us/op
WorkloadPilot    8: 2048 op, 503014400.00 ns, 245.6125 us/op

OverheadWarmup   1: 2048 op, 5900.00 ns, 2.8809 ns/op
OverheadWarmup   2: 2048 op, 10700.00 ns, 5.2246 ns/op
OverheadWarmup   3: 2048 op, 4500.00 ns, 2.1973 ns/op
OverheadWarmup   4: 2048 op, 9500.00 ns, 4.6387 ns/op
OverheadWarmup   5: 2048 op, 4300.00 ns, 2.0996 ns/op

OverheadActual   1: 2048 op, 5000.00 ns, 2.4414 ns/op
OverheadActual   2: 2048 op, 4400.00 ns, 2.1484 ns/op
OverheadActual   3: 2048 op, 4400.00 ns, 2.1484 ns/op
OverheadActual   4: 2048 op, 4900.00 ns, 2.3926 ns/op
OverheadActual   5: 2048 op, 4400.00 ns, 2.1484 ns/op
OverheadActual   6: 2048 op, 4900.00 ns, 2.3926 ns/op
OverheadActual   7: 2048 op, 4400.00 ns, 2.1484 ns/op
OverheadActual   8: 2048 op, 7300.00 ns, 3.5645 ns/op
OverheadActual   9: 2048 op, 4400.00 ns, 2.1484 ns/op
OverheadActual  10: 2048 op, 4400.00 ns, 2.1484 ns/op
OverheadActual  11: 2048 op, 4500.00 ns, 2.1973 ns/op
OverheadActual  12: 2048 op, 4400.00 ns, 2.1484 ns/op
OverheadActual  13: 2048 op, 23600.00 ns, 11.5234 ns/op
OverheadActual  14: 2048 op, 4300.00 ns, 2.0996 ns/op
OverheadActual  15: 2048 op, 4800.00 ns, 2.3438 ns/op
OverheadActual  16: 2048 op, 4300.00 ns, 2.0996 ns/op
OverheadActual  17: 2048 op, 4300.00 ns, 2.0996 ns/op
OverheadActual  18: 2048 op, 4100.00 ns, 2.0020 ns/op
OverheadActual  19: 2048 op, 4400.00 ns, 2.1484 ns/op
OverheadActual  20: 2048 op, 4400.00 ns, 2.1484 ns/op

OverheadWarmup   1: 2048 op, 19400.00 ns, 9.4727 ns/op
OverheadWarmup   2: 2048 op, 4200.00 ns, 2.0508 ns/op
OverheadWarmup   3: 2048 op, 4900.00 ns, 2.3926 ns/op
OverheadWarmup   4: 2048 op, 4900.00 ns, 2.3926 ns/op
OverheadWarmup   5: 2048 op, 4800.00 ns, 2.3438 ns/op
OverheadWarmup   6: 2048 op, 4400.00 ns, 2.1484 ns/op
OverheadWarmup   7: 2048 op, 7500.00 ns, 3.6621 ns/op

// BeforeActualRun
WorkloadActual   1: 2048 op, 501370000.00 ns, 244.8096 us/op
WorkloadActual   2: 2048 op, 490212300.00 ns, 239.3615 us/op
WorkloadActual   3: 2048 op, 463313500.00 ns, 226.2273 us/op
WorkloadActual   4: 2048 op, 487280600.00 ns, 237.9300 us/op
WorkloadActual   5: 2048 op, 508785000.00 ns, 248.4302 us/op
WorkloadActual   6: 2048 op, 510412300.00 ns, 249.2248 us/op
WorkloadActual   7: 2048 op, 495731600.00 ns, 242.0564 us/op
WorkloadActual   8: 2048 op, 510468200.00 ns, 249.2521 us/op
WorkloadActual   9: 2048 op, 459004900.00 ns, 224.1235 us/op
WorkloadActual  10: 2048 op, 507981000.00 ns, 248.0376 us/op
WorkloadActual  11: 2048 op, 482285200.00 ns, 235.4908 us/op
WorkloadActual  12: 2048 op, 467744000.00 ns, 228.3906 us/op
WorkloadActual  13: 2048 op, 505603400.00 ns, 246.8767 us/op
WorkloadActual  14: 2048 op, 508154000.00 ns, 248.1221 us/op
WorkloadActual  15: 2048 op, 521175000.00 ns, 254.4800 us/op
WorkloadActual  16: 2048 op, 475342900.00 ns, 232.1010 us/op
WorkloadActual  17: 2048 op, 462329900.00 ns, 225.7470 us/op
WorkloadActual  18: 2048 op, 486897400.00 ns, 237.7429 us/op
WorkloadActual  19: 2048 op, 486699000.00 ns, 237.6460 us/op
WorkloadActual  20: 2048 op, 486302200.00 ns, 237.4522 us/op
WorkloadActual  21: 2048 op, 496836700.00 ns, 242.5960 us/op
WorkloadActual  22: 2048 op, 509712200.00 ns, 248.8829 us/op
WorkloadActual  23: 2048 op, 495811300.00 ns, 242.0954 us/op
WorkloadActual  24: 2048 op, 483882700.00 ns, 236.2708 us/op
WorkloadActual  25: 2048 op, 484302000.00 ns, 236.4756 us/op
WorkloadActual  26: 2048 op, 496853800.00 ns, 242.6044 us/op
WorkloadActual  27: 2048 op, 453473400.00 ns, 221.4226 us/op
WorkloadActual  28: 2048 op, 507634800.00 ns, 247.8686 us/op
WorkloadActual  29: 2048 op, 504482600.00 ns, 246.3294 us/op
WorkloadActual  30: 2048 op, 506427000.00 ns, 247.2788 us/op
WorkloadActual  31: 2048 op, 493295100.00 ns, 240.8667 us/op
WorkloadActual  32: 2048 op, 457932300.00 ns, 223.5998 us/op
WorkloadActual  33: 2048 op, 468336700.00 ns, 228.6800 us/op
WorkloadActual  34: 2048 op, 461153900.00 ns, 225.1728 us/op
WorkloadActual  35: 2048 op, 504444300.00 ns, 246.3107 us/op
WorkloadActual  36: 2048 op, 504090800.00 ns, 246.1381 us/op
WorkloadActual  37: 2048 op, 504097400.00 ns, 246.1413 us/op
WorkloadActual  38: 2048 op, 496068600.00 ns, 242.2210 us/op
WorkloadActual  39: 2048 op, 503821300.00 ns, 246.0065 us/op
WorkloadActual  40: 2048 op, 501080100.00 ns, 244.6680 us/op
WorkloadActual  41: 2048 op, 486608200.00 ns, 237.6017 us/op

// AfterActualRun
WorkloadResult   1: 2048 op, 501365600.00 ns, 244.8074 us/op
WorkloadResult   2: 2048 op, 490207900.00 ns, 239.3593 us/op
WorkloadResult   3: 2048 op, 463309100.00 ns, 226.2251 us/op
WorkloadResult   4: 2048 op, 487276200.00 ns, 237.9278 us/op
WorkloadResult   5: 2048 op, 508780600.00 ns, 248.4280 us/op
WorkloadResult   6: 2048 op, 510407900.00 ns, 249.2226 us/op
WorkloadResult   7: 2048 op, 495727200.00 ns, 242.0543 us/op
WorkloadResult   8: 2048 op, 510463800.00 ns, 249.2499 us/op
WorkloadResult   9: 2048 op, 459000500.00 ns, 224.1213 us/op
WorkloadResult  10: 2048 op, 507976600.00 ns, 248.0354 us/op
WorkloadResult  11: 2048 op, 482280800.00 ns, 235.4887 us/op
WorkloadResult  12: 2048 op, 467739600.00 ns, 228.3885 us/op
WorkloadResult  13: 2048 op, 505599000.00 ns, 246.8745 us/op
WorkloadResult  14: 2048 op, 508149600.00 ns, 248.1199 us/op
WorkloadResult  15: 2048 op, 521170600.00 ns, 254.4778 us/op
WorkloadResult  16: 2048 op, 475338500.00 ns, 232.0989 us/op
WorkloadResult  17: 2048 op, 462325500.00 ns, 225.7449 us/op
WorkloadResult  18: 2048 op, 486893000.00 ns, 237.7407 us/op
WorkloadResult  19: 2048 op, 486694600.00 ns, 237.6438 us/op
WorkloadResult  20: 2048 op, 486297800.00 ns, 237.4501 us/op
WorkloadResult  21: 2048 op, 496832300.00 ns, 242.5939 us/op
WorkloadResult  22: 2048 op, 509707800.00 ns, 248.8808 us/op
WorkloadResult  23: 2048 op, 495806900.00 ns, 242.0932 us/op
WorkloadResult  24: 2048 op, 483878300.00 ns, 236.2687 us/op
WorkloadResult  25: 2048 op, 484297600.00 ns, 236.4734 us/op
WorkloadResult  26: 2048 op, 496849400.00 ns, 242.6022 us/op
WorkloadResult  27: 2048 op, 453469000.00 ns, 221.4204 us/op
WorkloadResult  28: 2048 op, 507630400.00 ns, 247.8664 us/op
WorkloadResult  29: 2048 op, 504478200.00 ns, 246.3272 us/op
WorkloadResult  30: 2048 op, 506422600.00 ns, 247.2767 us/op
WorkloadResult  31: 2048 op, 493290700.00 ns, 240.8646 us/op
WorkloadResult  32: 2048 op, 457927900.00 ns, 223.5976 us/op
WorkloadResult  33: 2048 op, 468332300.00 ns, 228.6779 us/op
WorkloadResult  34: 2048 op, 461149500.00 ns, 225.1707 us/op
WorkloadResult  35: 2048 op, 504439900.00 ns, 246.3085 us/op
WorkloadResult  36: 2048 op, 504086400.00 ns, 246.1359 us/op
WorkloadResult  37: 2048 op, 504093000.00 ns, 246.1392 us/op
WorkloadResult  38: 2048 op, 496064200.00 ns, 242.2188 us/op
WorkloadResult  39: 2048 op, 503816900.00 ns, 246.0043 us/op
WorkloadResult  40: 2048 op, 501075700.00 ns, 244.6659 us/op
WorkloadResult  41: 2048 op, 486603800.00 ns, 237.5995 us/op
// GC:  391 0 0 4915200000 2048
// Threading:  0 0 2048

// AfterAll
// Benchmark Process 17268 has exited with code 0.

Mean = 239.821 μs, StdErr = 1.344 μs (0.56%), N = 41, StdDev = 8.609 μs
Min = 221.420 μs, Q1 = 236.269 μs, Median = 242.093 μs, Q3 = 246.327 μs, Max = 254.478 μs
IQR = 10.059 μs, LowerFence = 221.181 μs, UpperFence = 261.415 μs
ConfidenceInterval = [235.047 μs; 244.595 μs] (CI 99.9%), Margin = 4.774 μs (1.99% of Mean)
Skewness = -0.62, Kurtosis = 2.24, MValue = 2.67

// ** Remained 0 (0.0%) benchmark(s) to run. Estimated finish 2026-02-14 11:57 (0h 0m from now) **
Successfully reverted power plan (GUID: 381b4222-f694-41f0-9685-ff5bb260df2e FriendlyName: Balanced)
// ***** BenchmarkRunner: Finish  *****

// * Export *
  BenchmarkDotNet.Artifacts\results\ChatApplication.Benchmarks.OneToOneChatBenchmarks-report.csv
  BenchmarkDotNet.Artifacts\results\ChatApplication.Benchmarks.OneToOneChatBenchmarks-report-github.md
  BenchmarkDotNet.Artifacts\results\ChatApplication.Benchmarks.OneToOneChatBenchmarks-report.html

// * Detailed results *
OneToOneChatBenchmarks.GetName_Current: DefaultJob
Runtime = .NET 10.0.2 (10.0.225.61305), X64 RyuJIT AVX2; GC = Concurrent Workstation
Mean = 239.821 μs, StdErr = 1.344 μs (0.56%), N = 41, StdDev = 8.609 μs
Min = 221.420 μs, Q1 = 236.269 μs, Median = 242.093 μs, Q3 = 246.327 μs, Max = 254.478 μs
IQR = 10.059 μs, LowerFence = 221.181 μs, UpperFence = 261.415 μs
ConfidenceInterval = [235.047 μs; 244.595 μs] (CI 99.9%), Margin = 4.774 μs (1.99% of Mean)
Skewness = -0.62, Kurtosis = 2.24, MValue = 2.67
-------------------- Histogram --------------------
[218.144 μs ; 222.861 μs) | @
[222.861 μs ; 229.414 μs) | @@@@@@@
[229.414 μs ; 234.900 μs) | @
[234.900 μs ; 241.964 μs) | @@@@@@@@@@
[241.964 μs ; 248.518 μs) | @@@@@@@@@@@@@@@@@@
[248.518 μs ; 254.956 μs) | @@@@
---------------------------------------------------

// * Summary *

BenchmarkDotNet v0.15.2, Windows 11 (10.0.26200.7840)
Unknown processor
.NET SDK 10.0.200-preview.0.26103.119
  [Host]     : .NET 10.0.2 (10.0.225.61305), X64 RyuJIT AVX2
  DefaultJob : .NET 10.0.2 (10.0.225.61305), X64 RyuJIT AVX2


| Method          | Mean     | Error   | StdDev  |
|---------------- |---------:|--------:|--------:|
| GetName_Current | 239.8 μs | 4.77 μs | 8.61 μs |

// * Legends *
  Mean   : Arithmetic mean of all measurements
  Error  : Half of 99.9% confidence interval
  StdDev : Standard deviation of all measurements
  1 μs   : 1 Microsecond (0.000001 sec)

// * Diagnostic Output - CPUUsageDiagnoser *
Saving diagsession as a directory. This may take a moment...
Exported diagsession file: D:\Study\Design Pattern\Algomaster.io\LLD\BenchmarkSuite1\bin\Release\net10.0\BenchmarkDotNet.Artifacts\BenchmarkDotNet_OneToOneChatBenchmarks_20260214_115750.
Opening diagsession in VisualStudio: 27464


// ***** BenchmarkRunner: End *****
Run time: 00:00:24 (24.84 sec), executed benchmarks: 1

Global total time: 00:00:37 (37.1 sec), executed benchmarks: 1
// * Artifacts cleanup *
Artifacts cleanup is finished
